
  GA Payment Leads — Sales Pipeline
  Open: http://localhost:5000

 * Serving Flask app 'app'
 * Debug mode: on
[31m[1mWARNING: This is a development server. Do not use it in a production deployment. Use a production WSGI server instead.[0m
 * Running on http://127.0.0.1:5000
[33mPress CTRL+C to quit[0m
 * Restarting with stat
 * Debugger is active!
 * Debugger PIN: 136-305-207
127.0.0.1 - - [19/May/2026 16:06:52] "GET / HTTP/1.1" 200 -
127.0.0.1 - - [19/May/2026 16:12:12] "GET / HTTP/1.1" 200 -
/Library/Developer/CommandLineTools/Library/Frameworks/Python3.framework/Versions/3.9/lib/python3.9/multiprocessing/resource_tracker.py:216: UserWarning: resource_tracker: There appear to be 1 leaked semaphore objects to clean up at shutdown
  warnings.warn('resource_tracker: There appear to be %d '
/Library/Developer/CommandLineTools/Library/Frameworks/Python3.framework/Versions/3.9/lib/python3.9/multiprocessing/resource_tracker.py:216: UserWarning: resource_tracker: There appear to be 1 leaked semaphore objects to clean up at shutdown
  warnings.warn('resource_tracker: There appear to be %d '

  GA Payment Leads — Sales Pipeline
  Open: http://localhost:5000

 * Serving Flask app 'app'
 * Debug mode: on
[31m[1mWARNING: This is a development server. Do not use it in a production deployment. Use a production WSGI server instead.[0m
 * Running on http://127.0.0.1:5000
[33mPress CTRL+C to quit[0m
 * Restarting with stat
 * Debugger is active!
 * Debugger PIN: 136-305-207
127.0.0.1 - - [19/May/2026 16:13:26] "GET /static/css/bootstrap.min.css HTTP/1.1" 200 -
/Library/Developer/CommandLineTools/Library/Frameworks/Python3.framework/Versions/3.9/lib/python3.9/multiprocessing/resource_tracker.py:216: UserWarning: resource_tracker: There appear to be 1 leaked semaphore objects to clean up at shutdown
  warnings.warn('resource_tracker: There appear to be %d '
/Library/Developer/CommandLineTools/Library/Frameworks/Python3.framework/Versions/3.9/lib/python3.9/multiprocessing/resource_tracker.py:216: UserWarning: resource_tracker: There appear to be 1 leaked semaphore objects to clean up at shutdown
  warnings.warn('resource_tracker: There appear to be %d '
 * Serving Flask app 'app'
 * Debug mode: off
Address already in use
Port 5000 is in use by another program. Either identify and stop that program, or start the server with a different port.
On macOS, try searching for and disabling 'AirPlay Receiver' in System Settings.
 * Serving Flask app 'app'
 * Debug mode: off
[31m[1mWARNING: This is a development server. Do not use it in a production deployment. Use a production WSGI server instead.[0m
 * Running on http://127.0.0.1:5000
[33mPress CTRL+C to quit[0m
 * Serving Flask app '__main__'
 * Debug mode: off
[31m[1mWARNING: This is a development server. Do not use it in a production deployment. Use a production WSGI server instead.[0m
 * Running on http://127.0.0.1:5000
[33mPress CTRL+C to quit[0m
Traceback (most recent call last):
  File "<string>", line 8, in <module>
  File "/Users/User/ga-payment-leads/.venv/lib/python3.9/site-packages/waitress/__init__.py", line 13, in serve
    server = _server(app, **kw)
  File "/Users/User/ga-payment-leads/.venv/lib/python3.9/site-packages/waitress/server.py", line 78, in create_server
    last_serv = TcpWSGIServer(
  File "/Users/User/ga-payment-leads/.venv/lib/python3.9/site-packages/waitress/server.py", line 243, in __init__
    self.bind_server_socket()
  File "/Users/User/ga-payment-leads/.venv/lib/python3.9/site-packages/waitress/server.py", line 364, in bind_server_socket
    self.bind(sockaddr)
  File "/Users/User/ga-payment-leads/.venv/lib/python3.9/site-packages/waitress/wasyncore.py", line 374, in bind
    return self.socket.bind(addr)
OSError: [Errno 48] Address already in use
Starting on http://localhost:5000
